// Jest Snapshot v1, https://goo.gl/fbAQLP

exports[`pluginComponent should render component 1`] = `
VueWrapper {
  "_emitted": Object {},
  "_emittedByOrder": Array [],
  "element": <div
    class="plugin-component"
  />,
  "isVueComponent": true,
  "options": Object {
    "attachedToDocument": false,
  },
  "update": [Function],
  "version": 2.5,
  "vm": VueComponent {
    "$attrs": Object {},
    "$children": Array [],
    "$createElement": [Function],
    "$el": <div
      class="plugin-component"
    />,
    "$emit": [Function],
    "$listeners": Object {},
    "$options": Object {
      "_Ctor": Object {
        "1": [Function],
      },
      "_base": [Function],
      "_parentElm": null,
      "_refElm": null,
      "components": Object {},
      "data": [Function],
      "directives": Object {},
      "filters": Object {},
      "inject": Object {},
      "render": [Function],
      "staticRenderFns": Array [],
    },
    "$parent": undefined,
    "$refs": Object {},
    "$root": [Circular],
    "$scopedSlots": Object {},
    "$slots": Object {},
    "$vnode": undefined,
    "_c": [Function],
    "_data": Object {},
    "_directInactive": false,
    "_events": Object {},
    "_hasHookEvent": false,
    "_inactive": null,
    "_isBeingDestroyed": false,
    "_isDestroyed": false,
    "_isMounted": true,
    "_isVue": true,
    "_renderProxy": VueComponent {
      "$attrs": Object {},
      "$children": Array [],
      "$createElement": [Function],
      "$el": <div
        class="plugin-component"
      />,
      "$emit": [Function],
      "$listeners": Object {},
      "$options": Object {
        "_Ctor": Object {
          "1": [Function],
        },
        "_base": [Function],
        "_parentElm": null,
        "_refElm": null,
        "components": Object {},
        "data": [Function],
        "directives": Object {},
        "filters": Object {},
        "inject": Object {},
        "render": [Function],
        "staticRenderFns": Array [],
      },
      "$parent": undefined,
      "$refs": Object {},
      "$root": [Circular],
      "$scopedSlots": Object {},
      "$slots": Object {},
      "$vnode": undefined,
      "_c": [Function],
      "_data": Object {},
      "_directInactive": false,
      "_events": Object {},
      "_hasHookEvent": false,
      "_inactive": null,
      "_isBeingDestroyed": false,
      "_isDestroyed": false,
      "_isMounted": true,
      "_isVue": true,
      "_renderProxy": [Circular],
      "_self": [Circular],
      "_staticTrees": null,
      "_uid": 0,
      "_vnode": VNode {
        "asyncFactory": undefined,
        "asyncMeta": undefined,
        "children": Array [],
        "componentInstance": undefined,
        "componentOptions": undefined,
        "context": [Circular],
        "data": Object {
          "staticClass": "plugin-component",
        },
        "elm": <div
          class="plugin-component"
        />,
        "fnContext": undefined,
        "fnOptions": undefined,
        "fnScopeId": undefined,
        "isAsyncPlaceholder": false,
        "isCloned": false,
        "isComment": false,
        "isOnce": false,
        "isRootInsert": true,
        "isStatic": false,
        "key": undefined,
        "ns": undefined,
        "parent": undefined,
        "raw": false,
        "tag": "div",
        "text": undefined,
      },
      "_watcher": Watcher {
        "active": true,
        "cb": [Function],
        "deep": false,
        "depIds": Set {},
        "deps": Array [],
        "dirty": false,
        "expression": "function () {
      vm._update(vm._render(), hydrating);
    }",
        "getter": [Function],
        "id": 1,
        "lazy": false,
        "newDepIds": Set {},
        "newDeps": Array [],
        "sync": false,
        "user": false,
        "value": undefined,
        "vm": [Circular],
      },
      "_watchers": Array [
        Watcher {
          "active": true,
          "cb": [Function],
          "deep": false,
          "depIds": Set {},
          "deps": Array [],
          "dirty": false,
          "expression": "function () {
      vm._update(vm._render(), hydrating);
    }",
          "getter": [Function],
          "id": 1,
          "lazy": false,
          "newDepIds": Set {},
          "newDeps": Array [],
          "sync": false,
          "user": false,
          "value": undefined,
          "vm": [Circular],
        },
      ],
    },
    "_self": [Circular],
    "_staticTrees": null,
    "_uid": 0,
    "_vnode": VNode {
      "asyncFactory": undefined,
      "asyncMeta": undefined,
      "children": Array [],
      "componentInstance": undefined,
      "componentOptions": undefined,
      "context": [Circular],
      "data": Object {
        "staticClass": "plugin-component",
      },
      "elm": <div
        class="plugin-component"
      />,
      "fnContext": undefined,
      "fnOptions": undefined,
      "fnScopeId": undefined,
      "isAsyncPlaceholder": false,
      "isCloned": false,
      "isComment": false,
      "isOnce": false,
      "isRootInsert": true,
      "isStatic": false,
      "key": undefined,
      "ns": undefined,
      "parent": undefined,
      "raw": false,
      "tag": "div",
      "text": undefined,
    },
    "_watcher": Watcher {
      "active": true,
      "cb": [Function],
      "deep": false,
      "depIds": Set {},
      "deps": Array [],
      "dirty": false,
      "expression": "function () {
      vm._update(vm._render(), hydrating);
    }",
      "getter": [Function],
      "id": 1,
      "lazy": false,
      "newDepIds": Set {},
      "newDeps": Array [],
      "sync": false,
      "user": false,
      "value": undefined,
      "vm": [Circular],
    },
    "_watchers": Array [
      Watcher {
        "active": true,
        "cb": [Function],
        "deep": false,
        "depIds": Set {},
        "deps": Array [],
        "dirty": false,
        "expression": "function () {
      vm._update(vm._render(), hydrating);
    }",
        "getter": [Function],
        "id": 1,
        "lazy": false,
        "newDepIds": Set {},
        "newDeps": Array [],
        "sync": false,
        "user": false,
        "value": undefined,
        "vm": [Circular],
      },
    ],
  },
  "vnode": VNode {
    "asyncFactory": undefined,
    "asyncMeta": undefined,
    "children": Array [],
    "componentInstance": undefined,
    "componentOptions": undefined,
    "context": VueComponent {
      "$attrs": Object {},
      "$children": Array [],
      "$createElement": [Function],
      "$el": <div
        class="plugin-component"
      />,
      "$emit": [Function],
      "$listeners": Object {},
      "$options": Object {
        "_Ctor": Object {
          "1": [Function],
        },
        "_base": [Function],
        "_parentElm": null,
        "_refElm": null,
        "components": Object {},
        "data": [Function],
        "directives": Object {},
        "filters": Object {},
        "inject": Object {},
        "render": [Function],
        "staticRenderFns": Array [],
      },
      "$parent": undefined,
      "$refs": Object {},
      "$root": [Circular],
      "$scopedSlots": Object {},
      "$slots": Object {},
      "$vnode": undefined,
      "_c": [Function],
      "_data": Object {},
      "_directInactive": false,
      "_events": Object {},
      "_hasHookEvent": false,
      "_inactive": null,
      "_isBeingDestroyed": false,
      "_isDestroyed": false,
      "_isMounted": true,
      "_isVue": true,
      "_renderProxy": VueComponent {
        "$attrs": Object {},
        "$children": Array [],
        "$createElement": [Function],
        "$el": <div
          class="plugin-component"
        />,
        "$emit": [Function],
        "$listeners": Object {},
        "$options": Object {
          "_Ctor": Object {
            "1": [Function],
          },
          "_base": [Function],
          "_parentElm": null,
          "_refElm": null,
          "components": Object {},
          "data": [Function],
          "directives": Object {},
          "filters": Object {},
          "inject": Object {},
          "render": [Function],
          "staticRenderFns": Array [],
        },
        "$parent": undefined,
        "$refs": Object {},
        "$root": [Circular],
        "$scopedSlots": Object {},
        "$slots": Object {},
        "$vnode": undefined,
        "_c": [Function],
        "_data": Object {},
        "_directInactive": false,
        "_events": Object {},
        "_hasHookEvent": false,
        "_inactive": null,
        "_isBeingDestroyed": false,
        "_isDestroyed": false,
        "_isMounted": true,
        "_isVue": true,
        "_renderProxy": [Circular],
        "_self": [Circular],
        "_staticTrees": null,
        "_uid": 0,
        "_vnode": [Circular],
        "_watcher": Watcher {
          "active": true,
          "cb": [Function],
          "deep": false,
          "depIds": Set {},
          "deps": Array [],
          "dirty": false,
          "expression": "function () {
      vm._update(vm._render(), hydrating);
    }",
          "getter": [Function],
          "id": 1,
          "lazy": false,
          "newDepIds": Set {},
          "newDeps": Array [],
          "sync": false,
          "user": false,
          "value": undefined,
          "vm": [Circular],
        },
        "_watchers": Array [
          Watcher {
            "active": true,
            "cb": [Function],
            "deep": false,
            "depIds": Set {},
            "deps": Array [],
            "dirty": false,
            "expression": "function () {
      vm._update(vm._render(), hydrating);
    }",
            "getter": [Function],
            "id": 1,
            "lazy": false,
            "newDepIds": Set {},
            "newDeps": Array [],
            "sync": false,
            "user": false,
            "value": undefined,
            "vm": [Circular],
          },
        ],
      },
      "_self": [Circular],
      "_staticTrees": null,
      "_uid": 0,
      "_vnode": [Circular],
      "_watcher": Watcher {
        "active": true,
        "cb": [Function],
        "deep": false,
        "depIds": Set {},
        "deps": Array [],
        "dirty": false,
        "expression": "function () {
      vm._update(vm._render(), hydrating);
    }",
        "getter": [Function],
        "id": 1,
        "lazy": false,
        "newDepIds": Set {},
        "newDeps": Array [],
        "sync": false,
        "user": false,
        "value": undefined,
        "vm": [Circular],
      },
      "_watchers": Array [
        Watcher {
          "active": true,
          "cb": [Function],
          "deep": false,
          "depIds": Set {},
          "deps": Array [],
          "dirty": false,
          "expression": "function () {
      vm._update(vm._render(), hydrating);
    }",
          "getter": [Function],
          "id": 1,
          "lazy": false,
          "newDepIds": Set {},
          "newDeps": Array [],
          "sync": false,
          "user": false,
          "value": undefined,
          "vm": [Circular],
        },
      ],
    },
    "data": Object {
      "staticClass": "plugin-component",
    },
    "elm": <div
      class="plugin-component"
    />,
    "fnContext": undefined,
    "fnOptions": undefined,
    "fnScopeId": undefined,
    "isAsyncPlaceholder": false,
    "isCloned": false,
    "isComment": false,
    "isOnce": false,
    "isRootInsert": true,
    "isStatic": false,
    "key": undefined,
    "ns": undefined,
    "parent": undefined,
    "raw": false,
    "tag": "div",
    "text": undefined,
  },
}
`;
